[INFO] Scanning for projects...
[INFO] 
[INFO] ------------------< ao.co.hzconsultoria:efacturacao >-------------------
[INFO] Building Sistema de Facturacao Electronica 0.0.1-SNAPSHOT
[INFO]   from pom.xml
[INFO] --------------------------------[ war ]---------------------------------
[WARNING] The artifact mysql:mysql-connector-java:jar:8.0.33 has been relocated to com.mysql:mysql-connector-j:jar:8.0.33: MySQL Connector/J artifacts moved to reverse-DNS compliant Maven 2+ coordinates.
[INFO] 
[INFO] --- resources:3.4.0:resources (default-resources) @ efacturacao ---
[INFO] Copying 334 resources from src\main\resources to target\classes
[INFO] 
[INFO] --- compiler:3.15.0:compile (default-compile) @ efacturacao ---
[INFO] Recompiling the module because of changed source code.
[INFO] Compiling 212 source files with javac [debug target 1.8] to target\classes
[INFO] -------------------------------------------------------------
[ERROR] COMPILATION ERROR : 
[INFO] -------------------------------------------------------------
[ERROR] /D:/eclipse_workspace/facturacao_electronica/src/main/java/ao/co/hzconsultoria/efacturacao/controller/ConfiguracaoController.java:[1,2444] reached end of file while parsing
[INFO] 1 error
[INFO] -------------------------------------------------------------
[INFO] ------------------------------------------------------------------------
[INFO] BUILD FAILURE
[INFO] ------------------------------------------------------------------------
[INFO] Total time:  10.210 s
[INFO] Finished at: 2026-06-11T11:38:10+01:00
[INFO] ------------------------------------------------------------------------
[ERROR] Failed to execute goal org.apache.maven.plugins:maven-compiler-plugin:3.15.0:compile (default-compile) on project efacturacao: Compilation failure
[ERROR] /D:/eclipse_workspace/facturacao_electronica/src/main/java/ao/co/hzconsultoria/efacturacao/controller/ConfiguracaoController.java:[1,2444] reached end of file while parsing
[ERROR] 
[ERROR] -> [Help 1]
[ERROR] 
[ERROR] To see the full stack trace of the errors, re-run Maven with the -e switch.
[ERROR] Re-run Maven using the -X switch to enable full debug logging.
[ERROR] 
[ERROR] For more information about the errors and possible solutions, please read the following articles:
[ERROR] [Help 1] http://cwiki.apache.org/confluence/display/MAVEN/MojoFailureException
